
> portfolio-app@0.1.0 build
> next build

▲ Next.js 16.2.9 (Turbopack)
- Environments: .env.local

  Creating an optimized production build ...
✓ Compiled successfully in 3.1s
  Running TypeScript ...
  Finished TypeScript in 2.7s ...
  Collecting page data using 14 workers ...
  Generating static pages using 14 workers (0/13) ...
  Generating static pages using 14 workers (3/13) 
  Generating static pages using 14 workers (6/13) 
  Generating static pages using 14 workers (9/13) 
✓ Generating static pages using 14 workers (13/13) in 684ms
  Finalizing page optimization ...

Route (app)
┌ ○ /
├ ○ /_not-found
├ ○ /alerts
├ ○ /analytics
├ ○ /backtest
├ ○ /dashboard
├ ○ /data-sources
├ ○ /login
├ ○ /portfolio
├ ○ /scenarios
└ ○ /settings


ƒ Proxy (Middleware)

○  (Static)  prerendered as static content

